分类: 📺央视频道, 名称: CCTV-1, 有效: 0, IPv4: 708, IPv6: 0, 最小延迟: 193 ms, 最高速率: 0.36 MiB/s, 平均速率: 0.00 MiB/s, 最高分辨率: —, 平均帧率: 未知, 视频编解码器: 未知, 音频编解码器: 未知
分类: 📺央视频道, 名称: CCTV-2, 有效: 0, IPv4: 423, IPv6: 0, 最小延迟: 188 ms, 最高速率: 0.47 MiB/s, 平均速率: 0.00 MiB/s, 最高分辨率: 720x576, 平均帧率: 27.5, 视频编解码器: h264, 音频编解码器: mp2
分类: 📺央视频道, 名称: CCTV-3, 有效: 1, IPv4: 392, IPv6: 0, 最小延迟: 195 ms, 最高速率: 0.68 MiB/s, 平均速率: 0.68 MiB/s, 最高分辨率: 1920x1080, 平均帧率: 25.0, 视频编解码器: h264, 音频编解码器: mp2
分类: 📺央视频道, 名称: CCTV-4, 有效: 0, IPv4: 564, IPv6: 0, 最小延迟: 287 ms, 最高速率: 0.30 MiB/s, 平均速率: 0.00 MiB/s, 最高分辨率: —, 平均帧率: 未知, 视频编解码器: 未知, 音频编解码器: 未知
分类: 📺央视频道, 名称: CCTV-5, 有效: 0, IPv4: 481, IPv6: 0, 最小延迟: 189 ms, 最高速率: 0.20 MiB/s, 平均速率: 0.00 MiB/s, 最高分辨率: —, 平均帧率: 未知, 视频编解码器: 未知, 音频编解码器: 未知
分类: 📺央视频道, 名称: CCTV-5+, 有效: 1, IPv4: 253, IPv6: 0, 最小延迟: 217 ms, 最高速率: 0.77 MiB/s, 平均速率: 0.77 MiB/s, 最高分辨率: —, 平均帧率: 未知, 视频编解码器: 未知, 音频编解码器: 未知
分类: 📺央视频道, 名称: CCTV-6, 有效: 0, IPv4: 392, IPv6: 0, 最小延迟: 199 ms, 最高速率: 0.28 MiB/s, 平均速率: 0.00 MiB/s, 最高分辨率: —, 平均帧率: 未知, 视频编解码器: 未知, 音频编解码器: 未知
分类: 📺央视频道, 名称: CCTV-7, 有效: 0, IPv4: 427, IPv6: 0, 最小延迟: 192 ms, 最高速率: 0.30 MiB/s, 平均速率: 0.00 MiB/s, 最高分辨率: —, 平均帧率: 未知, 视频编解码器: 未知, 音频编解码器: 未知
分类: 📺央视频道, 名称: CCTV-8, 有效: 1, IPv4: 391, IPv6: 0, 最小延迟: 191 ms, 最高速率: 0.63 MiB/s, 平均速率: 0.63 MiB/s, 最高分辨率: 1920x1080, 平均帧率: 25.0, 视频编解码器: h264, 音频编解码器: mp2
分类: 📺央视频道, 名称: CCTV-9, 有效: 2, IPv4: 356, IPv6: 0, 最小延迟: 195 ms, 最高速率: 0.75 MiB/s, 平均速率: 0.73 MiB/s, 最高分辨率: 1920x1080, 平均帧率: 25.0, 视频编解码器: h264, 音频编解码器: mp2
分类: 📺央视频道, 名称: CCTV-10, 有效: 0, IPv4: 376, IPv6: 0, 最小延迟: 186 ms, 最高速率: 0.19 MiB/s, 平均速率: 0.00 MiB/s, 最高分辨率: —, 平均帧率: 未知, 视频编解码器: 未知, 音频编解码器: 未知
分类: 📺央视频道, 名称: CCTV-11, 有效: 0, IPv4: 385, IPv6: 0, 最小延迟: 192 ms, 最高速率: 0.20 MiB/s, 平均速率: 0.00 MiB/s, 最高分辨率: —, 平均帧率: 未知, 视频编解码器: 未知, 音频编解码器: 未知
分类: 📺央视频道, 名称: CCTV-12, 有效: 0, IPv4: 378, IPv6: 0, 最小延迟: 198 ms, 最高速率: 0.36 MiB/s, 平均速率: 0.00 MiB/s, 最高分辨率: —, 平均帧率: 25.0, 视频编解码器: h264, 音频编解码器: mp3
分类: 📺央视频道, 名称: CCTV-13, 有效: 0, IPv4: 412, IPv6: 0, 最小延迟: 199 ms, 最高速率: 0.25 MiB/s, 平均速率: 0.00 MiB/s, 最高分辨率: 1920x1080, 平均帧率: 25.0, 视频编解码器: h264, 音频编解码器: mp2
分类: 📺央视频道, 名称: CCTV-14, 有效: 0, IPv4: 399, IPv6: 0, 最小延迟: 195 ms, 最高速率: 0.33 MiB/s, 平均速率: 0.00 MiB/s, 最高分辨率: 720x576, 平均帧率: 25.0, 视频编解码器: h264, 音频编解码器: mp2
分类: 📺央视频道, 名称: CCTV-15, 有效: 0, IPv4: 376, IPv6: 0, 最小延迟: 190 ms, 最高速率: 0.63 MiB/s, 平均速率: 0.00 MiB/s, 最高分辨率: —, 平均帧率: 25.0, 视频编解码器: h264, 音频编解码器: mp2
分类: 📺央视频道, 名称: CCTV-16, 有效: 0, IPv4: 198, IPv6: 0, 最小延迟: 371 ms, 最高速率: 0.29 MiB/s, 平均速率: 0.00 MiB/s, 最高分辨率: 1920x1080, 平均帧率: 25.0, 视频编解码器: h264, 音频编解码器: mp2
分类: 📺央视频道, 名称: CCTV-17, 有效: 0, IPv4: 323, IPv6: 0, 最小延迟: 193 ms, 最高速率: 0.20 MiB/s, 平均速率: 0.00 MiB/s, 最高分辨率: —, 平均帧率: 未知, 视频编解码器: 未知, 音频编解码器: 未知
分类: 📺央视频道, 名称: CETV-1, 有效: 1, IPv4: 206, IPv6: 0, 最小延迟: 387 ms, 最高速率: 0.58 MiB/s, 平均速率: 0.58 MiB/s, 最高分辨率: 1920x1080, 平均帧率: 25.0, 视频编解码器: h264, 音频编解码器: mp2
分类: 📺央视频道, 名称: CETV-2, 有效: 0, IPv4: 120, IPv6: 0, 最小延迟: 381 ms, 最高速率: 0.20 MiB/s, 平均速率: 0.00 MiB/s, 最高分辨率: —, 平均帧率: 未知, 视频编解码器: 未知, 音频编解码器: 未知
分类: 📺央视频道, 名称: CETV-4, 有效: 0, IPv4: 208, IPv6: 0, 最小延迟: 384 ms, 最高速率: 0.44 MiB/s, 平均速率: 0.00 MiB/s, 最高分辨率: —, 平均帧率: 未知, 视频编解码器: 未知, 音频编解码器: mp3
分类: 💰央视付费频道, 名称: 文化精品, 有效: 0, IPv4: 29, IPv6: 0, 最小延迟: 371 ms, 最高速率: 0.07 MiB/s, 平均速率: 0.00 MiB/s, 最高分辨率: —, 平均帧率: 未知, 视频编解码器: 未知, 音频编解码器: 未知
分类: 💰央视付费频道, 名称: 央视台球, 有效: 0, IPv4: 25, IPv6: 0, 最小延迟: 262 ms, 最高速率: 0.21 MiB/s, 平均速率: 0.00 MiB/s, 最高分辨率: —, 平均帧率: 未知, 视频编解码器: 未知, 音频编解码器: 未知
分类: 💰央视付费频道, 名称: 风云音乐, 有效: 0, IPv4: 28, IPv6: 0, 最小延迟: 346 ms, 最高速率: 0.09 MiB/s, 平均速率: 0.00 MiB/s, 最高分辨率: —, 平均帧率: 未知, 视频编解码器: 未知, 音频编解码器: 未知
分类: 💰央视付费频道, 名称: 第一剧场, 有效: 0, IPv4: 35, IPv6: 0, 最小延迟: 329 ms, 最高速率: 0.18 MiB/s, 平均速率: 0.00 MiB/s, 最高分辨率: —, 平均帧率: 未知, 视频编解码器: 未知, 音频编解码器: 未知
分类: 💰央视付费频道, 名称: 风云剧场, 有效: 0, IPv4: 28, IPv6: 0, 最小延迟: 360 ms, 最高速率: 0.18 MiB/s, 平均速率: 0.00 MiB/s, 最高分辨率: —, 平均帧率: 未知, 视频编解码器: 未知, 音频编解码器: 未知
分类: 💰央视付费频道, 名称: 怀旧剧场, 有效: 0, IPv4: 30, IPv6: 0, 最小延迟: 341 ms, 最高速率: 0.14 MiB/s, 平均速率: 0.00 MiB/s, 最高分辨率: —, 平均帧率: 未知, 视频编解码器: 未知, 音频编解码器: 未知
分类: 💰央视付费频道, 名称: 女性时尚, 有效: 0, IPv4: 23, IPv6: 0, 最小延迟: 520 ms, 最高速率: 0.17 MiB/s, 平均速率: 0.00 MiB/s, 最高分辨率: —, 平均帧率: 未知, 视频编解码器: 未知, 音频编解码器: 未知
分类: 💰央视付费频道, 名称: 高尔夫网球, 有效: 0, IPv4: 30, IPv6: 0, 最小延迟: 387 ms, 最高速率: 0.10 MiB/s, 平均速率: 0.00 MiB/s, 最高分辨率: —, 平均帧率: 未知, 视频编解码器: 未知, 音频编解码器: 未知
分类: 💰央视付费频道, 名称: 风云足球, 有效: 1, IPv4: 99, IPv6: 0, 最小延迟: 367 ms, 最高速率: 0.71 MiB/s, 平均速率: 0.71 MiB/s, 最高分辨率: 1920x1080, 平均帧率: 25.0, 视频编解码器: h264, 音频编解码器: mp2
分类: 💰央视付费频道, 名称: 电视指南, 有效: 0, IPv4: 20, IPv6: 0, 最小延迟: — ms, 最高速率: 0.00 MiB/s, 平均速率: 0.00 MiB/s, 最高分辨率: —, 平均帧率: 未知, 视频编解码器: 未知, 音频编解码器: 未知
分类: 💰央视付费频道, 名称: 世界地理, 有效: 0, IPv4: 90, IPv6: 0, 最小延迟: 363 ms, 最高速率: 0.19 MiB/s, 平均速率: 0.00 MiB/s, 最高分辨率: —, 平均帧率: 未知, 视频编解码器: 未知, 音频编解码器: 未知
分类: 💰央视付费频道, 名称: 兵器科技, 有效: 0, IPv4: 37, IPv6: 0, 最小延迟: 395 ms, 最高速率: 0.00 MiB/s, 平均速率: 0.00 MiB/s, 最高分辨率: —, 平均帧率: 未知, 视频编解码器: 未知, 音频编解码器: 未知
分类: 💰央视付费频道, 名称: 老故事, 有效: 0, IPv4: 34, IPv6: 0, 最小延迟: 200 ms, 最高速率: 0.06 MiB/s, 平均速率: 0.00 MiB/s, 最高分辨率: —, 平均帧率: 未知, 视频编解码器: 未知, 音频编解码器: 未知
分类: 💰央视付费频道, 名称: 茶频道, 有效: 0, IPv4: 21, IPv6: 0, 最小延迟: 426 ms, 最高速率: 0.00 MiB/s, 平均速率: 0.00 MiB/s, 最高分辨率: —, 平均帧率: 未知, 视频编解码器: 未知, 音频编解码器: 未知
分类: 💰央视付费频道, 名称: 相声小品, 有效: 0, IPv4: 2, IPv6: 0, 最小延迟: — ms, 最高速率: 0.00 MiB/s, 平均速率: 0.00 MiB/s, 最高分辨率: —, 平均帧率: 未知, 视频编解码器: 未知, 音频编解码器: 未知
分类: 💰央视付费频道, 名称: 求索记录, 有效: 0, IPv4: 1, IPv6: 0, 最小延迟: 396 ms, 最高速率: 0.05 MiB/s, 平均速率: 0.00 MiB/s, 最高分辨率: —, 平均帧率: 未知, 视频编解码器: 未知, 音频编解码器: 未知
分类: 💰央视付费频道, 名称: 热门综艺, 有效: 0, IPv4: 2, IPv6: 0, 最小延迟: — ms, 最高速率: 0.00 MiB/s, 平均速率: 0.00 MiB/s, 最高分辨率: —, 平均帧率: 未知, 视频编解码器: 未知, 音频编解码器: 未知
分类: 📡卫视频道, 名称: 广东卫视, 有效: 1, IPv4: 520, IPv6: 0, 最小延迟: 192 ms, 最高速率: 0.70 MiB/s, 平均速率: 0.70 MiB/s, 最高分辨率: 1920x1080, 平均帧率: 25.0, 视频编解码器: mpeg2video, 音频编解码器: ac3
分类: 📡卫视频道, 名称: 香港卫视, 有效: 0, IPv4: 2, IPv6: 0, 最小延迟: — ms, 最高速率: 0.00 MiB/s, 平均速率: 0.00 MiB/s, 最高分辨率: —, 平均帧率: 未知, 视频编解码器: 未知, 音频编解码器: 未知
分类: 📡卫视频道, 名称: 浙江卫视, 有效: 0, IPv4: 409, IPv6: 0, 最小延迟: 210 ms, 最高速率: 0.23 MiB/s, 平均速率: 0.00 MiB/s, 最高分辨率: 720x576, 平均帧率: 25.0, 视频编解码器: h264, 音频编解码器: mp2
分类: 📡卫视频道, 名称: 湖南卫视, 有效: 0, IPv4: 359, IPv6: 0, 最小延迟: 297 ms, 最高速率: 0.26 MiB/s, 平均速率: 0.00 MiB/s, 最高分辨率: —, 平均帧率: 未知, 视频编解码器: 未知, 音频编解码器: 未知
分类: 📡卫视频道, 名称: 北京卫视, 有效: 0, IPv4: 500, IPv6: 0, 最小延迟: 187 ms, 最高速率: 0.29 MiB/s, 平均速率: 0.00 MiB/s, 最高分辨率: —, 平均帧率: 25.0, 视频编解码器: h264, 音频编解码器: mp2
分类: 📡卫视频道, 名称: 湖北卫视, 有效: 0, IPv4: 398, IPv6: 0, 最小延迟: 191 ms, 最高速率: 0.63 MiB/s, 平均速率: 0.00 MiB/s, 最高分辨率: 1920x1080, 平均帧率: 25.0, 视频编解码器: mpeg2video, 音频编解码器: ac3
分类: 📡卫视频道, 名称: 黑龙江卫视, 有效: 0, IPv4: 325, IPv6: 0, 最小延迟: 278 ms, 最高速率: 0.20 MiB/s, 平均速率: 0.00 MiB/s, 最高分辨率: —, 平均帧率: 未知, 视频编解码器: 未知, 音频编解码器: 未知
分类: 📡卫视频道, 名称: 安徽卫视, 有效: 0, IPv4: 329, IPv6: 0, 最小延迟: 211 ms, 最高速率: 0.66 MiB/s, 平均速率: 0.00 MiB/s, 最高分辨率: —, 平均帧率: 25.0, 视频编解码器: h264, 音频编解码器: mp2
分类: 📡卫视频道, 名称: 重庆卫视, 有效: 0, IPv4: 338, IPv6: 0, 最小延迟: 193 ms, 最高速率: 0.20 MiB/s, 平均速率: 0.00 MiB/s, 最高分辨率: —, 平均帧率: 未知, 视频编解码器: 未知, 音频编解码器: 未知
分类: 📡卫视频道, 名称: 东方卫视, 有效: 0, IPv4: 397, IPv6: 0, 最小延迟: 188 ms, 最高速率: 0.37 MiB/s, 平均速率: 0.00 MiB/s, 最高分辨率: 1920x1080, 平均帧率: 25.0, 视频编解码器: h264, 音频编解码器: aac
分类: 📡卫视频道, 名称: 东南卫视, 有效: 0, IPv4: 332, IPv6: 0, 最小延迟: 199 ms, 最高速率: 0.31 MiB/s, 平均速率: 0.00 MiB/s, 最高分辨率: —, 平均帧率: 未知, 视频编解码器: 未知, 音频编解码器: 未知
分类: 📡卫视频道, 名称: 甘肃卫视, 有效: 0, IPv4: 225, IPv6: 0, 最小延迟: 381 ms, 最高速率: 0.23 MiB/s, 平均速率: 0.00 MiB/s, 最高分辨率: 720x576, 平均帧率: 25.0, 视频编解码器: h264, 音频编解码器: mp2
分类: 📡卫视频道, 名称: 广西卫视, 有效: 0, IPv4: 284, IPv6: 0, 最小延迟: 321 ms, 最高速率: 0.31 MiB/s, 平均速率: 0.00 MiB/s, 最高分辨率: 1920x1080, 平均帧率: 25.0, 视频编解码器: h264, 音频编解码器: mp2
分类: 📡卫视频道, 名称: 贵州卫视, 有效: 1, IPv4: 284, IPv6: 0, 最小延迟: 278 ms, 最高速率: 0.68 MiB/s, 平均速率: 0.57 MiB/s, 最高分辨率: 1920x1080, 平均帧率: 25.0, 视频编解码器: h264, 音频编解码器: mp2
分类: 📡卫视频道, 名称: 海南卫视, 有效: 0, IPv4: 269, IPv6: 0, 最小延迟: 193 ms, 最高速率: 0.23 MiB/s, 平均速率: 0.00 MiB/s, 最高分辨率: 720x576, 平均帧率: 25.0, 视频编解码器: h264, 音频编解码器: mp2
分类: 📡卫视频道, 名称: 河北卫视, 有效: 2, IPv4: 332, IPv6: 0, 最小延迟: 198 ms, 最高速率: 0.62 MiB/s, 平均速率: 0.56 MiB/s, 最高分辨率: 1920x1080, 平均帧率: 25.0, 视频编解码器: h264, 音频编解码器: mp2
分类: 📡卫视频道, 名称: 河南卫视, 有效: 2, IPv4: 338, IPv6: 0, 最小延迟: 12 ms, 最高速率: 8.35 MiB/s, 平均速率: 7.65 MiB/s, 最高分辨率: 1920x1080, 平均帧率: 25.0, 视频编解码器: h264, 音频编解码器: aac
分类: 📡卫视频道, 名称: 吉林卫视, 有效: 1, IPv4: 309, IPv6: 0, 最小延迟: 195 ms, 最高速率: 0.65 MiB/s, 平均速率: 0.65 MiB/s, 最高分辨率: 1920x1080, 平均帧率: 25.0, 视频编解码器: h264, 音频编解码器: mp2
分类: 📡卫视频道, 名称: 江苏卫视, 有效: 1, IPv4: 404, IPv6: 0, 最小延迟: 191 ms, 最高速率: 0.68 MiB/s, 平均速率: 0.68 MiB/s, 最高分辨率: 1920x1080, 平均帧率: 25.0, 视频编解码器: h264, 音频编解码器: aac
分类: 📡卫视频道, 名称: 江西卫视, 有效: 0, IPv4: 345, IPv6: 0, 最小延迟: 198 ms, 最高速率: 0.41 MiB/s, 平均速率: 0.00 MiB/s, 最高分辨率: 1920x1080, 平均帧率: 25.0, 视频编解码器: h264, 音频编解码器: mp2
分类: 📡卫视频道, 名称: 辽宁卫视, 有效: 0, IPv4: 337, IPv6: 0, 最小延迟: 187 ms, 最高速率: 0.29 MiB/s, 平均速率: 0.00 MiB/s, 最高分辨率: —, 平均帧率: 未知, 视频编解码器: 未知, 音频编解码器: 未知
分类: 📡卫视频道, 名称: 内蒙古卫视, 有效: 0, IPv4: 215, IPv6: 0, 最小延迟: 384 ms, 最高速率: 0.20 MiB/s, 平均速率: 0.00 MiB/s, 最高分辨率: —, 平均帧率: 未知, 视频编解码器: 未知, 音频编解码器: 未知
分类: 📡卫视频道, 名称: 宁夏卫视, 有效: 0, IPv4: 255, IPv6: 0, 最小延迟: 327 ms, 最高速率: 0.58 MiB/s, 平均速率: 0.00 MiB/s, 最高分辨率: 720x576, 平均帧率: 25.0, 视频编解码器: h264, 音频编解码器: mp2
分类: 📡卫视频道, 名称: 青海卫视, 有效: 0, IPv4: 279, IPv6: 0, 最小延迟: 193 ms, 最高速率: 0.32 MiB/s, 平均速率: 0.00 MiB/s, 最高分辨率: 1920x1080, 平均帧率: 25.0, 视频编解码器: h264, 音频编解码器: aac
分类: 📡卫视频道, 名称: 山东卫视, 有效: 0, IPv4: 349, IPv6: 0, 最小延迟: 212 ms, 最高速率: 0.20 MiB/s, 平均速率: 0.00 MiB/s, 最高分辨率: —, 平均帧率: 未知, 视频编解码器: 未知, 音频编解码器: 未知
分类: 📡卫视频道, 名称: 山西卫视, 有效: 1, IPv4: 244, IPv6: 0, 最小延迟: 294 ms, 最高速率: 0.50 MiB/s, 平均速率: 0.50 MiB/s, 最高分辨率: 1920x1080, 平均帧率: 25.0, 视频编解码器: h264, 音频编解码器: mp2
分类: 📡卫视频道, 名称: 陕西卫视, 有效: 0, IPv4: 241, IPv6: 0, 最小延迟: 187 ms, 最高速率: 0.49 MiB/s, 平均速率: 0.00 MiB/s, 最高分辨率: —, 平均帧率: 未知, 视频编解码器: 未知, 音频编解码器: 未知
分类: 📡卫视频道, 名称: 四川卫视, 有效: 0, IPv4: 356, IPv6: 0, 最小延迟: 242 ms, 最高速率: 0.71 MiB/s, 平均速率: 0.00 MiB/s, 最高分辨率: —, 平均帧率: 未知, 视频编解码器: h264, 音频编解码器: mp2
分类: 📡卫视频道, 名称: 深圳卫视, 有效: 0, IPv4: 440, IPv6: 0, 最小延迟: 309 ms, 最高速率: 0.48 MiB/s, 平均速率: 0.00 MiB/s, 最高分辨率: —, 平均帧率: 25.0, 视频编解码器: h264, 音频编解码器: mp2
分类: 📡卫视频道, 名称: 三沙卫视, 有效: 0, IPv4: 201, IPv6: 0, 最小延迟: 198 ms, 最高速率: 0.23 MiB/s, 平均速率: 0.00 MiB/s, 最高分辨率: —, 平均帧率: 未知, 视频编解码器: 未知, 音频编解码器: mp2
分类: 📡卫视频道, 名称: 天津卫视, 有效: 0, IPv4: 333, IPv6: 0, 最小延迟: 323 ms, 最高速率: 0.22 MiB/s, 平均速率: 0.00 MiB/s, 最高分辨率: —, 平均帧率: 未知, 视频编解码器: 未知, 音频编解码器: 未知
分类: 📡卫视频道, 名称: 西藏卫视, 有效: 1, IPv4: 222, IPv6: 0, 最小延迟: 371 ms, 最高速率: 0.66 MiB/s, 平均速率: 0.66 MiB/s, 最高分辨率: 1920x1080, 平均帧率: 25.0, 视频编解码器: h264, 音频编解码器: mp2
分类: 📡卫视频道, 名称: 新疆卫视, 有效: 1, IPv4: 245, IPv6: 0, 最小延迟: 322 ms, 最高速率: 0.67 MiB/s, 平均速率: 0.55 MiB/s, 最高分辨率: 1920x1080, 平均帧率: 25.0, 视频编解码器: h264, 音频编解码器: mp2
分类: 📡卫视频道, 名称: 云南卫视, 有效: 0, IPv4: 300, IPv6: 0, 最小延迟: 382 ms, 最高速率: 0.19 MiB/s, 平均速率: 0.00 MiB/s, 最高分辨率: —, 平均帧率: 未知, 视频编解码器: 未知, 音频编解码器: 未知
分类: 📡卫视频道, 名称: 农林卫视, 有效: 0, IPv4: 19, IPv6: 0, 最小延迟: 236 ms, 最高速率: 0.05 MiB/s, 平均速率: 0.00 MiB/s, 最高分辨率: —, 平均帧率: 未知, 视频编解码器: 未知, 音频编解码器: 未知
分类: ☘️上海频道, 名称: 上海教育, 有效: 0, IPv4: 23, IPv6: 0, 最小延迟: 1454 ms, 最高速率: 0.00 MiB/s, 平均速率: 0.00 MiB/s, 最高分辨率: —, 平均帧率: 未知, 视频编解码器: 未知, 音频编解码器: 未知
分类: ☘️上海频道, 名称: 上海新闻综合, 有效: 0, IPv4: 45, IPv6: 0, 最小延迟: 198 ms, 最高速率: 0.19 MiB/s, 平均速率: 0.00 MiB/s, 最高分辨率: —, 平均帧率: 未知, 视频编解码器: 未知, 音频编解码器: 未知
分类: ☘️上海频道, 名称: 上海都市, 有效: 0, IPv4: 24, IPv6: 0, 最小延迟: — ms, 最高速率: 0.00 MiB/s, 平均速率: 0.00 MiB/s, 最高分辨率: —, 平均帧率: 未知, 视频编解码器: 未知, 音频编解码器: 未知
分类: ☘️上海频道, 名称: 东方财经, 有效: 0, IPv4: 48, IPv6: 0, 最小延迟: 407 ms, 最高速率: 0.08 MiB/s, 平均速率: 0.00 MiB/s, 最高分辨率: —, 平均帧率: 未知, 视频编解码器: 未知, 音频编解码器: 未知
分类: ☘️上海频道, 名称: 乐游, 有效: 0, IPv4: 23, IPv6: 0, 最小延迟: 326 ms, 最高速率: 0.20 MiB/s, 平均速率: 0.00 MiB/s, 最高分辨率: —, 平均帧率: 未知, 视频编解码器: 未知, 音频编解码器: 未知
分类: ☘️上海频道, 名称: 动漫秀场, 有效: 0, IPv4: 74, IPv6: 0, 最小延迟: 409 ms, 最高速率: 0.18 MiB/s, 平均速率: 0.00 MiB/s, 最高分辨率: —, 平均帧率: 未知, 视频编解码器: 未知, 音频编解码器: 未知
分类: ☘️上海频道, 名称: 哈哈炫动, 有效: 0, IPv4: 96, IPv6: 0, 最小延迟: 405 ms, 最高速率: 0.00 MiB/s, 平均速率: 0.00 MiB/s, 最高分辨率: —, 平均帧率: 未知, 视频编解码器: 未知, 音频编解码器: 未知
分类: ☘️上海频道, 名称: 法治天地, 有效: 0, IPv4: 70, IPv6: 0, 最小延迟: 334 ms, 最高速率: 0.15 MiB/s, 平均速率: 0.00 MiB/s, 最高分辨率: —, 平均帧率: 未知, 视频编解码器: 未知, 音频编解码器: 未知
分类: ☘️上海频道, 名称: 生活时尚, 有效: 0, IPv4: 104, IPv6: 0, 最小延迟: 371 ms, 最高速率: 0.22 MiB/s, 平均速率: 0.00 MiB/s, 最高分辨率: —, 平均帧率: 未知, 视频编解码器: 未知, 音频编解码器: aac
分类: ☘️上海频道, 名称: 第一财经, 有效: 0, IPv4: 48, IPv6: 0, 最小延迟: 195 ms, 最高速率: 0.06 MiB/s, 平均速率: 0.00 MiB/s, 最高分辨率: —, 平均帧率: 未知, 视频编解码器: 未知, 音频编解码器: 未知
分类: ☘️上海频道, 名称: 金色频道, 有效: 0, IPv4: 35, IPv6: 0, 最小延迟: 397 ms, 最高速率: 0.00 MiB/s, 平均速率: 0.00 MiB/s, 最高分辨率: —, 平均帧率: 未知, 视频编解码器: 未知, 音频编解码器: 未知
分类: 📺电视剧频道, 名称: 东方影视, 有效: 0, IPv4: 33, IPv6: 0, 最小延迟: 195 ms, 最高速率: 0.06 MiB/s, 平均速率: 0.00 MiB/s, 最高分辨率: —, 平均帧率: 未知, 视频编解码器: 未知, 音频编解码器: 未知
分类: 📺电视剧频道, 名称: 欢笑剧场, 有效: 0, IPv4: 87, IPv6: 0, 最小延迟: 368 ms, 最高速率: 0.19 MiB/s, 平均速率: 0.00 MiB/s, 最高分辨率: —, 平均帧率: 未知, 视频编解码器: 未知, 音频编解码器: 未知
分类: 📺电视剧频道, 名称: 都市剧场, 有效: 0, IPv4: 106, IPv6: 0, 最小延迟: 384 ms, 最高速率: 0.20 MiB/s, 平均速率: 0.00 MiB/s, 最高分辨率: —, 平均帧率: 未知, 视频编解码器: 未知, 音频编解码器: 未知
分类: 📺电视剧频道, 名称: 杭州影视, 有效: 0, IPv4: 29, IPv6: 0, 最小延迟: 395 ms, 最高速率: 0.14 MiB/s, 平均速率: 0.00 MiB/s, 最高分辨率: —, 平均帧率: 未知, 视频编解码器: 未知, 音频编解码器: 未知
分类: 📺电视剧频道, 名称: 哈尔滨影视, 有效: 0, IPv4: 7, IPv6: 0, 最小延迟: — ms, 最高速率: 0.00 MiB/s, 平均速率: 0.00 MiB/s, 最高分辨率: —, 平均帧率: 未知, 视频编解码器: 未知, 音频编解码器: 未知
分类: 📺电视剧频道, 名称: 湖北影视, 有效: 0, IPv4: 5, IPv6: 0, 最小延迟: 518 ms, 最高速率: 0.03 MiB/s, 平均速率: 0.00 MiB/s, 最高分辨率: —, 平均帧率: 未知, 视频编解码器: 未知, 音频编解码器: 未知
分类: 📺电视剧频道, 名称: 辽宁影视剧, 有效: 0, IPv4: 4, IPv6: 0, 最小延迟: 772 ms, 最高速率: 0.12 MiB/s, 平均速率: 0.00 MiB/s, 最高分辨率: —, 平均帧率: 未知, 视频编解码器: 未知, 音频编解码器: 未知
分类: 📺电视剧频道, 名称: 福建电视剧, 有效: 0, IPv4: 3, IPv6: 0, 最小延迟: — ms, 最高速率: 0.00 MiB/s, 平均速率: 0.00 MiB/s, 最高分辨率: —, 平均帧率: 未知, 视频编解码器: 未知, 音频编解码器: 未知
分类: 📺电视剧频道, 名称: 湖南电视剧, 有效: 0, IPv4: 16, IPv6: 0, 最小延迟: — ms, 最高速率: 0.00 MiB/s, 平均速率: 0.00 MiB/s, 最高分辨率: —, 平均帧率: 未知, 视频编解码器: 未知, 音频编解码器: 未知
分类: 📺电视剧频道, 名称: 安徽影视频道, 有效: 0, IPv4: 3, IPv6: 0, 最小延迟: — ms, 最高速率: 0.00 MiB/s, 平均速率: 0.00 MiB/s, 最高分辨率: —, 平均帧率: 未知, 视频编解码器: 未知, 音频编解码器: 未知
分类: 🎬电影频道, 名称: CHC家庭影院, 有效: 2, IPv4: 117, IPv6: 0, 最小延迟: 53 ms, 最高速率: 2.71 MiB/s, 平均速率: 1.89 MiB/s, 最高分辨率: 1280x720, 平均帧率: 60.0, 视频编解码器: h264, 音频编解码器: aac
分类: 🎬电影频道, 名称: CHC动作电影, 有效: 4, IPv4: 117, IPv6: 0, 最小延迟: 72 ms, 最高速率: 2.32 MiB/s, 平均速率: 1.31 MiB/s, 最高分辨率: 1920x1080, 平均帧率: 25.0, 视频编解码器: h264, 音频编解码器: aac
分类: 🎬电影频道, 名称: 峨眉电影, 有效: 0, IPv4: 2, IPv6: 0, 最小延迟: 629 ms, 最高速率: 0.06 MiB/s, 平均速率: 0.00 MiB/s, 最高分辨率: —, 平均帧率: 未知, 视频编解码器: 未知, 音频编解码器: 未知
分类: 🎬电影频道, 名称: 湖南电影, 有效: 0, IPv4: 6, IPv6: 0, 最小延迟: — ms, 最高速率: 0.00 MiB/s, 平均速率: 0.00 MiB/s, 最高分辨率: —, 平均帧率: 未知, 视频编解码器: 未知, 音频编解码器: 未知
分类: 🎬电影频道, 名称: 靖天映画, 有效: 0, IPv4: 3, IPv6: 0, 最小延迟: — ms, 最高速率: 0.00 MiB/s, 平均速率: 0.00 MiB/s, 最高分辨率: —, 平均帧率: 未知, 视频编解码器: 未知, 音频编解码器: 未知
分类: 🎬电影频道, 名称: 经典电影, 有效: 0, IPv4: 18, IPv6: 0, 最小延迟: 267 ms, 最高速率: 0.17 MiB/s, 平均速率: 0.00 MiB/s, 最高分辨率: —, 平均帧率: 未知, 视频编解码器: 未知, 音频编解码器: 未知
分类: 🎬电影频道, 名称: 黑莓电影, 有效: 0, IPv4: 1, IPv6: 0, 最小延迟: — ms, 最高速率: 0.00 MiB/s, 平均速率: 0.00 MiB/s, 最高分辨率: —, 平均帧率: 未知, 视频编解码器: 未知, 音频编解码器: 未知
分类: 🎬电影频道, 名称: 星空卫视, 有效: 0, IPv4: 10, IPv6: 0, 最小延迟: — ms, 最高速率: 0.00 MiB/s, 平均速率: 0.00 MiB/s, 最高分辨率: —, 平均帧率: 未知, 视频编解码器: 未知, 音频编解码器: 未知
分类: 📍其他地方, 名称: 苏州文化生活, 有效: 0, IPv4: 4, IPv6: 0, 最小延迟: 741 ms, 最高速率: 0.00 MiB/s, 平均速率: 0.00 MiB/s, 最高分辨率: —, 平均帧率: 未知, 视频编解码器: 未知, 音频编解码器: 未知
分类: 📍其他地方, 名称: 苏州生活资讯, 有效: 0, IPv4: 14, IPv6: 0, 最小延迟: — ms, 最高速率: 0.00 MiB/s, 平均速率: 0.00 MiB/s, 最高分辨率: —, 平均帧率: 未知, 视频编解码器: 未知, 音频编解码器: 未知
分类: 📍其他地方, 名称: 苏州社会经济, 有效: 1, IPv4: 1, IPv6: 0, 最小延迟: 115 ms, 最高速率: 4.22 MiB/s, 平均速率: 4.22 MiB/s, 最高分辨率: 1920x1080, 平均帧率: 25.0, 视频编解码器: h264, 音频编解码器: aac
分类: 📍其他地方, 名称: 苏州新闻综合, 有效: 0, IPv4: 1, IPv6: 0, 最小延迟: — ms, 最高速率: 0.00 MiB/s, 平均速率: 0.00 MiB/s, 最高分辨率: —, 平均帧率: 未知, 视频编解码器: 未知, 音频编解码器: 未知
分类: 📍其他地方, 名称: 苏州电影娱乐, 有效: 0, IPv4: 1, IPv6: 0, 最小延迟: — ms, 最高速率: 0.00 MiB/s, 平均速率: 0.00 MiB/s, 最高分辨率: —, 平均帧率: 未知, 视频编解码器: 未知, 音频编解码器: 未知
分类: 📍其他地方, 名称: 苏州4k, 有效: 0, IPv4: 8, IPv6: 0, 最小延迟: 1972 ms, 最高速率: 0.03 MiB/s, 平均速率: 0.00 MiB/s, 最高分辨率: —, 平均帧率: 未知, 视频编解码器: 未知, 音频编解码器: 未知
分类: 📍其他地方, 名称: 湖南公共, 有效: 0, IPv4: 6, IPv6: 0, 最小延迟: 817 ms, 最高速率: 0.07 MiB/s, 平均速率: 0.00 MiB/s, 最高分辨率: —, 平均帧率: 未知, 视频编解码器: 未知, 音频编解码器: 未知
分类: 📍其他地方, 名称: 湖南娱乐, 有效: 0, IPv4: 9, IPv6: 0, 最小延迟: 398 ms, 最高速率: 0.13 MiB/s, 平均速率: 0.00 MiB/s, 最高分辨率: —, 平均帧率: 未知, 视频编解码器: 未知, 音频编解码器: 未知
分类: 📍其他地方, 名称: 湖南都市, 有效: 0, IPv4: 23, IPv6: 0, 最小延迟: 885 ms, 最高速率: 0.10 MiB/s, 平均速率: 0.00 MiB/s, 最高分辨率: —, 平均帧率: 未知, 视频编解码器: 未知, 音频编解码器: 未知
分类: 📍其他地方, 名称: 湖南爱晚, 有效: 0, IPv4: 9, IPv6: 0, 最小延迟: 442 ms, 最高速率: 0.13 MiB/s, 平均速率: 0.00 MiB/s, 最高分辨率: —, 平均帧率: 未知, 视频编解码器: 未知, 音频编解码器: 未知
分类: 📍其他地方, 名称: 金鹰纪实, 有效: 0, IPv4: 163, IPv6: 0, 最小延迟: 305 ms, 最高速率: 0.37 MiB/s, 平均速率: 0.00 MiB/s, 最高分辨率: 1920x1080, 平均帧率: 25.0, 视频编解码器: h264, 音频编解码器: mp2
分类: 📍其他地方, 名称: 绍兴文化, 有效: 0, IPv4: 1, IPv6: 0, 最小延迟: — ms, 最高速率: 0.00 MiB/s, 平均速率: 0.00 MiB/s, 最高分辨率: —, 平均帧率: 未知, 视频编解码器: 未知, 音频编解码器: 未知
分类: 📍其他地方, 名称: 杭州综合, 有效: 0, IPv4: 27, IPv6: 0, 最小延迟: 389 ms, 最高速率: 0.06 MiB/s, 平均速率: 0.00 MiB/s, 最高分辨率: —, 平均帧率: 未知, 视频编解码器: 未知, 音频编解码器: 未知
分类: 📍其他地方, 名称: 杭州生活, 有效: 0, IPv4: 26, IPv6: 0, 最小延迟: 377 ms, 最高速率: 0.14 MiB/s, 平均速率: 0.00 MiB/s, 最高分辨率: —, 平均帧率: 未知, 视频编解码器: 未知, 音频编解码器: 未知
分类: 📍其他地方, 名称: 杭州明珠, 有效: 0, IPv4: 19, IPv6: 0, 最小延迟: 417 ms, 最高速率: 0.08 MiB/s, 平均速率: 0.00 MiB/s, 最高分辨率: —, 平均帧率: 未知, 视频编解码器: 未知, 音频编解码器: 未知
分类: 📍其他地方, 名称: 浙江青田, 有效: 0, IPv4: 1, IPv6: 0, 最小延迟: 649 ms, 最高速率: 0.11 MiB/s, 平均速率: 0.00 MiB/s, 最高分辨率: —, 平均帧率: 未知, 视频编解码器: 未知, 音频编解码器: 未知
分类: 📍其他地方, 名称: 浙江生活, 有效: 0, IPv4: 33, IPv6: 0, 最小延迟: 440 ms, 最高速率: 0.13 MiB/s, 平均速率: 0.00 MiB/s, 最高分辨率: —, 平均帧率: 未知, 视频编解码器: 未知, 音频编解码器: 未知
分类: 📍其他地方, 名称: 浙江民生休闲, 有效: 0, IPv4: 31, IPv6: 0, 最小延迟: 396 ms, 最高速率: 0.18 MiB/s, 平均速率: 0.00 MiB/s, 最高分辨率: —, 平均帧率: 未知, 视频编解码器: 未知, 音频编解码器: 未知
分类: 📍其他地方, 名称: 安徽经济生活, 有效: 0, IPv4: 3, IPv6: 0, 最小延迟: — ms, 最高速率: 0.00 MiB/s, 平均速率: 0.00 MiB/s, 最高分辨率: —, 平均帧率: 未知, 视频编解码器: 未知, 音频编解码器: 未知
分类: 📍其他地方, 名称: 山东综艺, 有效: 0, IPv4: 9, IPv6: 0, 最小延迟: 453 ms, 最高速率: 0.00 MiB/s, 平均速率: 0.00 MiB/s, 最高分辨率: —, 平均帧率: 未知, 视频编解码器: 未知, 音频编解码器: 未知
分类: 📍其他地方, 名称: 北京生活, 有效: 0, IPv4: 12, IPv6: 0, 最小延迟: 397 ms, 最高速率: 0.10 MiB/s, 平均速率: 0.00 MiB/s, 最高分辨率: —, 平均帧率: 未知, 视频编解码器: 未知, 音频编解码器: 未知
分类: 📍其他地方, 名称: 吉林都市, 有效: 0, IPv4: 2, IPv6: 0, 最小延迟: — ms, 最高速率: 0.00 MiB/s, 平均速率: 0.00 MiB/s, 最高分辨率: —, 平均帧率: 未知, 视频编解码器: 未知, 音频编解码器: 未知
分类: 📍其他地方, 名称: 吉林乡村, 有效: 0, IPv4: 1, IPv6: 0, 最小延迟: — ms, 最高速率: 0.00 MiB/s, 平均速率: 0.00 MiB/s, 最高分辨率: —, 平均帧率: 未知, 视频编解码器: 未知, 音频编解码器: 未知
分类: 📍其他地方, 名称: 辽宁都市, 有效: 0, IPv4: 3, IPv6: 0, 最小延迟: 511 ms, 最高速率: 0.15 MiB/s, 平均速率: 0.00 MiB/s, 最高分辨率: —, 平均帧率: 未知, 视频编解码器: 未知, 音频编解码器: 未知
分类: 📍其他地方, 名称: 黑龙江都市, 有效: 0, IPv4: 4, IPv6: 0, 最小延迟: 831 ms, 最高速率: 0.11 MiB/s, 平均速率: 0.00 MiB/s, 最高分辨率: —, 平均帧率: 未知, 视频编解码器: 未知, 音频编解码器: 未知
分类: 📍其他地方, 名称: 黑龙江文体, 有效: 0, IPv4: 4, IPv6: 0, 最小延迟: — ms, 最高速率: 0.00 MiB/s, 平均速率: 0.00 MiB/s, 最高分辨率: —, 平均帧率: 未知, 视频编解码器: 未知, 音频编解码器: 未知
分类: 📍其他地方, 名称: 河南都市, 有效: 0, IPv4: 11, IPv6: 0, 最小延迟: 525 ms, 最高速率: 0.06 MiB/s, 平均速率: 0.00 MiB/s, 最高分辨率: —, 平均帧率: 未知, 视频编解码器: 未知, 音频编解码器: 未知
分类: 📍其他地方, 名称: 河南民生, 有效: 0, IPv4: 11, IPv6: 0, 最小延迟: 692 ms, 最高速率: 0.08 MiB/s, 平均速率: 0.00 MiB/s, 最高分辨率: —, 平均帧率: 未知, 视频编解码器: 未知, 音频编解码器: 未知
分类: 📍其他地方, 名称: 河北都市, 有效: 0, IPv4: 11, IPv6: 0, 最小延迟: — ms, 最高速率: 0.00 MiB/s, 平均速率: 0.00 MiB/s, 最高分辨率: —, 平均帧率: 未知, 视频编解码器: 未知, 音频编解码器: 未知
分类: 📍其他地方, 名称: 湖北公共, 有效: 0, IPv4: 7, IPv6: 0, 最小延迟: — ms, 最高速率: 0.00 MiB/s, 平均速率: 0.00 MiB/s, 最高分辨率: —, 平均帧率: 未知, 视频编解码器: 未知, 音频编解码器: 未知
分类: 📍其他地方, 名称: 河北农民, 有效: 0, IPv4: 2, IPv6: 0, 最小延迟: — ms, 最高速率: 0.00 MiB/s, 平均速率: 0.00 MiB/s, 最高分辨率: —, 平均帧率: 未知, 视频编解码器: 未知, 音频编解码器: 未知
分类: 📍其他地方, 名称: 湖北垄上, 有效: 0, IPv4: 5, IPv6: 0, 最小延迟: 426 ms, 最高速率: 0.10 MiB/s, 平均速率: 0.00 MiB/s, 最高分辨率: —, 平均帧率: 未知, 视频编解码器: 未知, 音频编解码器: 未知
分类: 📍其他地方, 名称: 湖北生活, 有效: 0, IPv4: 5, IPv6: 0, 最小延迟: — ms, 最高速率: 0.00 MiB/s, 平均速率: 0.00 MiB/s, 最高分辨率: —, 平均帧率: 未知, 视频编解码器: 未知, 音频编解码器: 未知
分类: 📍其他地方, 名称: 福建综合, 有效: 0, IPv4: 3, IPv6: 0, 最小延迟: 309 ms, 最高速率: 0.18 MiB/s, 平均速率: 0.00 MiB/s, 最高分辨率: —, 平均帧率: 未知, 视频编解码器: 未知, 音频编解码器: 未知
分类: 🏀体育频道, 名称: 广东体育, 有效: 0, IPv4: 106, IPv6: 0, 最小延迟: 375 ms, 最高速率: 0.67 MiB/s, 平均速率: 0.00 MiB/s, 最高分辨率: 1920x1080, 平均帧率: 25.0, 视频编解码器: h264, 音频编解码器: mp2
分类: 🏀体育频道, 名称: 纬来体育, 有效: 0, IPv4: 2, IPv6: 0, 最小延迟: — ms, 最高速率: 0.00 MiB/s, 平均速率: 0.00 MiB/s, 最高分辨率: —, 平均帧率: 未知, 视频编解码器: 未知, 音频编解码器: 未知
分类: 🏀体育频道, 名称: 五星体育, 有效: 0, IPv4: 35, IPv6: 0, 最小延迟: 410 ms, 最高速率: 0.14 MiB/s, 平均速率: 0.00 MiB/s, 最高分辨率: —, 平均帧率: 未知, 视频编解码器: 未知, 音频编解码器: 未知
分类: 🏀体育频道, 名称: 劲爆体育, 有效: 0, IPv4: 16, IPv6: 0, 最小延迟: 552 ms, 最高速率: 0.12 MiB/s, 平均速率: 0.00 MiB/s, 最高分辨率: —, 平均帧率: 未知, 视频编解码器: 未知, 音频编解码器: 未知
分类: 🏀体育频道, 名称: 深圳体育, 有效: 0, IPv4: 2, IPv6: 0, 最小延迟: — ms, 最高速率: 0.00 MiB/s, 平均速率: 0.00 MiB/s, 最高分辨率: —, 平均帧率: 未知, 视频编解码器: 未知, 音频编解码器: 未知
分类: 🏀体育频道, 名称: 超级体育, 有效: 0, IPv4: 3, IPv6: 0, 最小延迟: — ms, 最高速率: 0.00 MiB/s, 平均速率: 0.00 MiB/s, 最高分辨率: —, 平均帧率: 未知, 视频编解码器: 未知, 音频编解码器: 未知
分类: 🏀体育频道, 名称: 精品体育, 有效: 0, IPv4: 2, IPv6: 0, 最小延迟: — ms, 最高速率: 0.00 MiB/s, 平均速率: 0.00 MiB/s, 最高分辨率: —, 平均帧率: 未知, 视频编解码器: 未知, 音频编解码器: 未知
分类: 🏀体育频道, 名称: 辽宁体育, 有效: 0, IPv4: 5, IPv6: 0, 最小延迟: 1100 ms, 最高速率: 0.00 MiB/s, 平均速率: 0.00 MiB/s, 最高分辨率: —, 平均帧率: 未知, 视频编解码器: 未知, 音频编解码器: 未知
分类: 🏀体育频道, 名称: 山东体育, 有效: 0, IPv4: 16, IPv6: 0, 最小延迟: — ms, 最高速率: 0.00 MiB/s, 平均速率: 0.00 MiB/s, 最高分辨率: —, 平均帧率: 未知, 视频编解码器: 未知, 音频编解码器: 未知
分类: 🏀体育频道, 名称: 江苏体育, 有效: 0, IPv4: 2, IPv6: 0, 最小延迟: 711 ms, 最高速率: 0.00 MiB/s, 平均速率: 0.00 MiB/s, 最高分辨率: —, 平均帧率: 未知, 视频编解码器: 未知, 音频编解码器: 未知
分类: 🏀体育频道, 名称: 安徽综艺体育, 有效: 0, IPv4: 3, IPv6: 0, 最小延迟: — ms, 最高速率: 0.00 MiB/s, 平均速率: 0.00 MiB/s, 最高分辨率: —, 平均帧率: 未知, 视频编解码器: 未知, 音频编解码器: 未知
分类: 🏀体育频道, 名称: 北京体育休闲, 有效: 0, IPv4: 18, IPv6: 0, 最小延迟: 390 ms, 最高速率: 0.19 MiB/s, 平均速率: 0.00 MiB/s, 最高分辨率: —, 平均帧率: 未知, 视频编解码器: 未知, 音频编解码器: 未知
分类: 🏀体育频道, 名称: 睛彩篮球, 有效: 0, IPv4: 75, IPv6: 0, 最小延迟: 379 ms, 最高速率: 0.17 MiB/s, 平均速率: 0.00 MiB/s, 最高分辨率: —, 平均帧率: 未知, 视频编解码器: 未知, 音频编解码器: 未知
分类: 🏀体育频道, 名称: 睛彩羽毛球, 有效: 0, IPv4: 10, IPv6: 0, 最小延迟: 406 ms, 最高速率: 0.10 MiB/s, 平均速率: 0.00 MiB/s, 最高分辨率: —, 平均帧率: 未知, 视频编解码器: 未知, 音频编解码器: 未知
分类: 🏀体育频道, 名称: 睛彩广场舞, 有效: 0, IPv4: 4, IPv6: 0, 最小延迟: 380 ms, 最高速率: 0.00 MiB/s, 平均速率: 0.00 MiB/s, 最高分辨率: —, 平均帧率: 未知, 视频编解码器: 未知, 音频编解码器: 未知
分类: 🏀体育频道, 名称: 睛彩竞技, 有效: 0, IPv4: 70, IPv6: 0, 最小延迟: 372 ms, 最高速率: 0.29 MiB/s, 平均速率: 0.00 MiB/s, 最高分辨率: —, 平均帧率: 未知, 视频编解码器: 未知, 音频编解码器: 未知
分类: 🏀体育频道, 名称: 魅力足球, 有效: 0, IPv4: 21, IPv6: 0, 最小延迟: 414 ms, 最高速率: 0.15 MiB/s, 平均速率: 0.00 MiB/s, 最高分辨率: —, 平均帧率: 未知, 视频编解码器: 未知, 音频编解码器: 未知
分类: 🀄棋牌频道, 名称: JJ斗地主, 有效: 0, IPv4: 1, IPv6: 0, 最小延迟: — ms, 最高速率: 0.00 MiB/s, 平均速率: 0.00 MiB/s, 最高分辨率: —, 平均帧率: 未知, 视频编解码器: 未知, 音频编解码器: 未知
